// Vitest Snapshot v1, https://vitest.dev/guide/snapshot.html

exports[`buildReorganizePrompt > Snapshot 測試（確保格式穩定） > 應該生成完整的重組 prompt（包含所有必要章節） 1`] = `
"你是任務組織專家。分析以下任務並提出重組建議。

# 背景
Product: "測試產品" (Area: 測試領域)
**現有分類數量**: 3 個
**現有分類**: UI 改進、Bug 修復、效能優化

## Tasks (共 3 個):
## 可整合的任務（只能使用這些 task_id）

1. [task-001] 實作登入頁面 - 需要設計 UI 與驗證邏輯 (UI 改進)
2. [task-002] 修復資料庫連線問題 (Bug 修復)

## 已有結構的任務（絕對不可整合）

3. [task-003] 優化查詢效能 - 減少 N+1 查詢 (效能優化) ← 已有結構，不可整合
   ├─ 分析慢查詢
   ├─ 新增索引
   ├─ 測試效能改善
   └─ 更新文件



---

# ⚠️ 核心原則：整理 = 簡化，不是細分

**整理的目標**：讓用戶「一眼就能找到相關任務」，而不是「分得更細緻」

**強制規則**：
1. **保守原則**：能用現有分類就不要創建新分類
2. **數量限制**：新分類數量 ≤ 現有數量 + 1（最多只能多 1 個）
3. **合併優先**：有 2 個以上任務語意接近 → 先考慮合併到同一分類

**禁止行為**：
- ❌ 把一個分類拆成多個更細的分類
- ❌ 為了「更精準」而創建新分類
- ❌ 每個任務都有自己的分類

---

# 任務 1: Topic 分群

**核心判斷**：兩個任務「做 A 時需要知道 B」→ 同一 Topic

分群依據：
1. 目標相同 — 達成同一成果
2. 上下文相依 — 完成 A 需參考 B
3. 語義相近 — 描述同一件事

**Topic 命名規則**：
- 必須是具體的 5-10 字名詞片語（例：用戶認證、支付系統、API 錯誤修復）
- **嚴禁使用籠統名稱**：未分類、其他、雜項、待整理、TODO、其它
- 必須能清楚描述這組任務的共同目標或技術領域
- **優先使用現有分類名稱**：只有在現有分類完全不適用時才創建新的

---

# 任務 2: 結構優化

**概念釐清**：
- **Task** = 用 [task-xxx] 標記的頂層實體（有獨立 ID）
- **Sub-item** = 用 ├─ 或 └─ 顯示的內容（**不是** Task，無 ID）

**兩種整合場景**：

### 場景 A：創建新結構
把多個簡單 Task 組織成主任務+子項目

條件：同一成果、無獨立價值、語意可映射

### 場景 B：補充現有結構
把某個簡單 Task 添加到已有結構的 Task 中

條件：該 Task 在語意上屬於某個已有結構

**輸出規範**：
- parent_task_id: 主任務的 Task ID（場景 A 選其中一個，場景 B 選已有結構的）
- sub_task_ids: 要整合的 Task IDs（**只能**用 [task-xxx] 格式）
- consolidated_title: 10-20 字（場景 A 新標題，場景 B 保持原標題）

**關鍵規則**：
1. **絕對不可**使用 ├─ 或 └─ 後面的內容作為 ID
2. 語意守恆 — consolidated_title 必須能反推出所有子任務的意圖
3. 保守原則 — 不確定就別整合

**禁止整合**（任一即禁）：
- 獨立上下文 — 有各自的「為什麼」
- 可獨立完成 — 單獨完成有價值
- 語意無法映射 — 標題無法體現子任務

---

# 輸出規則
- 使用繁體中文
- 所有 task_id 必須來自上方列表
- Topic name: 5-10 字
- consolidated_title: 10-20 字
- reasoning: 最多 10 字"
`;
